Archive member included to satisfy reference by file (symbol)

C:/xpack-arm-none-eabi-gcc-13.3.1-1.1/bin/../lib/gcc/arm-none-eabi/13.3.1/../../../../arm-none-eabi/lib/thumb/v7e-m/nofp\libc_nano.a(libc_a-atexit.o)
                              C:/xpack-arm-none-eabi-gcc-13.3.1-1.1/bin/../lib/gcc/arm-none-eabi/13.3.1/../../../../arm-none-eabi/lib/thumb/v7e-m/nofp/crt0.o (atexit)
C:/xpack-arm-none-eabi-gcc-13.3.1-1.1/bin/../lib/gcc/arm-none-eabi/13.3.1/../../../../arm-none-eabi/lib/thumb/v7e-m/nofp\libc_nano.a(libc_a-exit.o)
                              C:/xpack-arm-none-eabi-gcc-13.3.1-1.1/bin/../lib/gcc/arm-none-eabi/13.3.1/../../../../arm-none-eabi/lib/thumb/v7e-m/nofp/crt0.o (exit)
C:/xpack-arm-none-eabi-gcc-13.3.1-1.1/bin/../lib/gcc/arm-none-eabi/13.3.1/../../../../arm-none-eabi/lib/thumb/v7e-m/nofp\libc_nano.a(libc_a-findfp.o)
                              C:/xpack-arm-none-eabi-gcc-13.3.1-1.1/bin/../lib/gcc/arm-none-eabi/13.3.1/../../../../arm-none-eabi/lib/thumb/v7e-m/nofp\libc_nano.a(libc_a-exit.o) (__stdio_exit_handler)
C:/xpack-arm-none-eabi-gcc-13.3.1-1.1/bin/../lib/gcc/arm-none-eabi/13.3.1/../../../../arm-none-eabi/lib/thumb/v7e-m/nofp\libc_nano.a(libc_a-fwalk.o)
                              C:/xpack-arm-none-eabi-gcc-13.3.1-1.1/bin/../lib/gcc/arm-none-eabi/13.3.1/../../../../arm-none-eabi/lib/thumb/v7e-m/nofp\libc_nano.a(libc_a-findfp.o) (_fwalk_sglue)
C:/xpack-arm-none-eabi-gcc-13.3.1-1.1/bin/../lib/gcc/arm-none-eabi/13.3.1/../../../../arm-none-eabi/lib/thumb/v7e-m/nofp\libc_nano.a(libc_a-stdio.o)
                              C:/xpack-arm-none-eabi-gcc-13.3.1-1.1/bin/../lib/gcc/arm-none-eabi/13.3.1/../../../../arm-none-eabi/lib/thumb/v7e-m/nofp\libc_nano.a(libc_a-findfp.o) (__sread)
C:/xpack-arm-none-eabi-gcc-13.3.1-1.1/bin/../lib/gcc/arm-none-eabi/13.3.1/../../../../arm-none-eabi/lib/thumb/v7e-m/nofp\libc_nano.a(libc_a-memset.o)
                              C:/xpack-arm-none-eabi-gcc-13.3.1-1.1/bin/../lib/gcc/arm-none-eabi/13.3.1/../../../../arm-none-eabi/lib/thumb/v7e-m/nofp/crt0.o (memset)
C:/xpack-arm-none-eabi-gcc-13.3.1-1.1/bin/../lib/gcc/arm-none-eabi/13.3.1/../../../../arm-none-eabi/lib/thumb/v7e-m/nofp\libc_nano.a(libc_a-closer.o)
                              C:/xpack-arm-none-eabi-gcc-13.3.1-1.1/bin/../lib/gcc/arm-none-eabi/13.3.1/../../../../arm-none-eabi/lib/thumb/v7e-m/nofp\libc_nano.a(libc_a-stdio.o) (_close_r)
C:/xpack-arm-none-eabi-gcc-13.3.1-1.1/bin/../lib/gcc/arm-none-eabi/13.3.1/../../../../arm-none-eabi/lib/thumb/v7e-m/nofp\libc_nano.a(libc_a-reent.o)
                              C:/xpack-arm-none-eabi-gcc-13.3.1-1.1/bin/../lib/gcc/arm-none-eabi/13.3.1/../../../../arm-none-eabi/lib/thumb/v7e-m/nofp\libc_nano.a(libc_a-closer.o) (errno)
C:/xpack-arm-none-eabi-gcc-13.3.1-1.1/bin/../lib/gcc/arm-none-eabi/13.3.1/../../../../arm-none-eabi/lib/thumb/v7e-m/nofp\libc_nano.a(libc_a-impure.o)
                              C:/xpack-arm-none-eabi-gcc-13.3.1-1.1/bin/../lib/gcc/arm-none-eabi/13.3.1/../../../../arm-none-eabi/lib/thumb/v7e-m/nofp\libc_nano.a(libc_a-reent.o) (_impure_ptr)
C:/xpack-arm-none-eabi-gcc-13.3.1-1.1/bin/../lib/gcc/arm-none-eabi/13.3.1/../../../../arm-none-eabi/lib/thumb/v7e-m/nofp\libc_nano.a(libc_a-lseekr.o)
                              C:/xpack-arm-none-eabi-gcc-13.3.1-1.1/bin/../lib/gcc/arm-none-eabi/13.3.1/../../../../arm-none-eabi/lib/thumb/v7e-m/nofp\libc_nano.a(libc_a-stdio.o) (_lseek_r)
C:/xpack-arm-none-eabi-gcc-13.3.1-1.1/bin/../lib/gcc/arm-none-eabi/13.3.1/../../../../arm-none-eabi/lib/thumb/v7e-m/nofp\libc_nano.a(libc_a-readr.o)
                              C:/xpack-arm-none-eabi-gcc-13.3.1-1.1/bin/../lib/gcc/arm-none-eabi/13.3.1/../../../../arm-none-eabi/lib/thumb/v7e-m/nofp\libc_nano.a(libc_a-stdio.o) (_read_r)
C:/xpack-arm-none-eabi-gcc-13.3.1-1.1/bin/../lib/gcc/arm-none-eabi/13.3.1/../../../../arm-none-eabi/lib/thumb/v7e-m/nofp\libc_nano.a(libc_a-writer.o)
                              C:/xpack-arm-none-eabi-gcc-13.3.1-1.1/bin/../lib/gcc/arm-none-eabi/13.3.1/../../../../arm-none-eabi/lib/thumb/v7e-m/nofp\libc_nano.a(libc_a-stdio.o) (_write_r)
C:/xpack-arm-none-eabi-gcc-13.3.1-1.1/bin/../lib/gcc/arm-none-eabi/13.3.1/../../../../arm-none-eabi/lib/thumb/v7e-m/nofp\libc_nano.a(libc_a-init.o)
                              C:/xpack-arm-none-eabi-gcc-13.3.1-1.1/bin/../lib/gcc/arm-none-eabi/13.3.1/../../../../arm-none-eabi/lib/thumb/v7e-m/nofp/crt0.o (__libc_init_array)
C:/xpack-arm-none-eabi-gcc-13.3.1-1.1/bin/../lib/gcc/arm-none-eabi/13.3.1/../../../../arm-none-eabi/lib/thumb/v7e-m/nofp\libc_nano.a(libc_a-fini.o)
                              C:/xpack-arm-none-eabi-gcc-13.3.1-1.1/bin/../lib/gcc/arm-none-eabi/13.3.1/../../../../arm-none-eabi/lib/thumb/v7e-m/nofp/crt0.o (__libc_fini_array)
C:/xpack-arm-none-eabi-gcc-13.3.1-1.1/bin/../lib/gcc/arm-none-eabi/13.3.1/../../../../arm-none-eabi/lib/thumb/v7e-m/nofp\libc_nano.a(libc_a-lock.o)
[...]
Memory Configuration

Name             Origin             Length             Attributes
FLASH            0x08000000         0x00100000         xr
RAM              0x20000000         0x00018000         xrw
SPIM             0x08400000         0x01000000         xr
*default*        0x00000000         0xffffffff

Linker script and memory map

LOAD C:/xpack-arm-none-eabi-gcc-13.3.1-1.1/bin/../lib/gcc/arm-none-eabi/13.3.1/thumb/v7e-m/nofp/crti.o
LOAD C:/xpack-arm-none-eabi-gcc-13.3.1-1.1/bin/../lib/gcc/arm-none-eabi/13.3.1/thumb/v7e-m/nofp/crtbegin.o
LOAD C:/xpack-arm-none-eabi-gcc-13.3.1-1.1/bin/../lib/gcc/arm-none-eabi/13.3.1/../../../../arm-none-eabi/lib/thumb/v7e-m/nofp/crt0.o
LOAD C:/xpack-arm-none-eabi-gcc-13.3.1-1.1/bin/../lib/gcc/arm-none-eabi/13.3.1/../../../../arm-none-eabi/lib/thumb/v7e-m/nofp\libc_nano.a
LOAD C:/xpack-arm-none-eabi-gcc-13.3.1-1.1/bin/../lib/gcc/arm-none-eabi/13.3.1/thumb/v7e-m/nofp\libgcc.a
LOAD C:/xpack-arm-none-eabi-gcc-13.3.1-1.1/bin/../lib/gcc/arm-none-eabi/13.3.1/../../../../arm-none-eabi/lib/thumb/v7e-m/nofp\libm.a
LOAD C:/xpack-arm-none-eabi-gcc-13.3.1-1.1/bin/../lib/gcc/arm-none-eabi/13.3.1/../../../../arm-none-eabi/lib/thumb/v7e-m/nofp\librdimon_nano.a
LOAD CMakeFiles/AT32F403ACGU7.elf.dir/Drivers/cmsis/cm4/device_support/startup/gcc/startup_at32f403a_407.s.obj
LOAD CMakeFiles/AT32F403ACGU7.elf.dir/Drivers/cmsis/cm4/device_support/system_at32f403a_407.c.obj
LOAD CMakeFiles/AT32F403ACGU7.elf.dir/Drivers/drivers/src/at32f403a_407_acc.c.obj
LOAD CMakeFiles/AT32F403ACGU7.elf.dir/Drivers/drivers/src/at32f403a_407_adc.c.obj
LOAD CMakeFiles/AT32F403ACGU7.elf.dir/Drivers/drivers/src/at32f403a_407_bpr.c.obj
LOAD CMakeFiles/AT32F403ACGU7.elf.dir/Drivers/drivers/src/at32f403a_407_can.c.obj
LOAD CMakeFiles/AT32F403ACGU7.elf.dir/Drivers/drivers/src/at32f403a_407_crc.c.obj
LOAD CMakeFiles/AT32F403ACGU7.elf.dir/Drivers/drivers/src/at32f403a_407_crm.c.obj
LOAD CMakeFiles/AT32F403ACGU7.elf.dir/Drivers/drivers/src/at32f403a_407_dac.c.obj
LOAD CMakeFiles/AT32F403ACGU7.elf.dir/Drivers/drivers/src/at32f403a_407_debug.c.obj
LOAD CMakeFiles/AT32F403ACGU7.elf.dir/Drivers/drivers/src/at32f403a_407_dma.c.obj
LOAD CMakeFiles/AT32F403ACGU7.elf.dir/Drivers/drivers/src/at32f403a_407_emac.c.obj
LOAD CMakeFiles/AT32F403ACGU7.elf.dir/Drivers/drivers/src/at32f403a_407_exint.c.obj
LOAD CMakeFiles/AT32F403ACGU7.elf.dir/Drivers/drivers/src/at32f403a_407_flash.c.obj
LOAD CMakeFiles/AT32F403ACGU7.elf.dir/Drivers/drivers/src/at32f403a_407_gpio.c.obj
LOAD CMakeFiles/AT32F403ACGU7.elf.dir/Drivers/drivers/src/at32f403a_407_i2c.c.obj
LOAD CMakeFiles/AT32F403ACGU7.elf.dir/Drivers/drivers/src/at32f403a_407_misc.c.obj
LOAD CMakeFiles/AT32F403ACGU7.elf.dir/Drivers/drivers/src/at32f403a_407_pwc.c.obj
LOAD CMakeFiles/AT32F403ACGU7.elf.dir/Drivers/drivers/src/at32f403a_407_rtc.c.obj
LOAD CMakeFiles/AT32F403ACGU7.elf.dir/Drivers/drivers/src/at32f403a_407_sdio.c.obj
LOAD CMakeFiles/AT32F403ACGU7.elf.dir/Drivers/drivers/src/at32f403a_407_spi.c.obj
LOAD CMakeFiles/AT32F403ACGU7.elf.dir/Drivers/drivers/src/at32f403a_407_tmr.c.obj
LOAD CMakeFiles/AT32F403ACGU7.elf.dir/Drivers/drivers/src/at32f403a_407_usart.c.obj
LOAD CMakeFiles/AT32F403ACGU7.elf.dir/Drivers/drivers/src/at32f403a_407_usb.c.obj
LOAD CMakeFiles/AT32F403ACGU7.elf.dir/Drivers/drivers/src/at32f403a_407_wdt.c.obj
LOAD CMakeFiles/AT32F403ACGU7.elf.dir/Drivers/drivers/src/at32f403a_407_wwdt.c.obj
LOAD CMakeFiles/AT32F403ACGU7.elf.dir/Drivers/drivers/src/at32f403a_407_xmc.c.obj
LOAD CMakeFiles/AT32F403ACGU7.elf.dir/src/at32f403a_407_int.c.obj
LOAD CMakeFiles/AT32F403ACGU7.elf.dir/src/at32f403a_407_wk_config.c.obj
LOAD CMakeFiles/AT32F403ACGU7.elf.dir/src/main.c.obj
LOAD CMakeFiles/AT32F403ACGU7.elf.dir/src/rtc.c.obj
LOAD CMakeFiles/AT32F403ACGU7.elf.dir/src/wk_gpio.c.obj
LOAD CMakeFiles/AT32F403ACGU7.elf.dir/src/wk_system.c.obj
START GROUP
LOAD C:/xpack-arm-none-eabi-gcc-13.3.1-1.1/bin/../lib/gcc/arm-none-eabi/13.3.1/thumb/v7e-m/nofp\libgcc.a
LOAD C:/xpack-arm-none-eabi-gcc-13.3.1-1.1/bin/../lib/gcc/arm-none-eabi/13.3.1/../../../../arm-none-eabi/lib/thumb/v7e-m/nofp\libg_nano.a
LOAD C:/xpack-arm-none-eabi-gcc-13.3.1-1.1/bin/../lib/gcc/arm-none-eabi/13.3.1/../../../../arm-none-eabi/lib/thumb/v7e-m/nofp\libc_nano.a
END GROUP
START GROUP
LOAD C:/xpack-arm-none-eabi-gcc-13.3.1-1.1/bin/../lib/gcc/arm-none-eabi/13.3.1/thumb/v7e-m/nofp\libgcc.a
LOAD C:/xpack-arm-none-eabi-gcc-13.3.1-1.1/bin/../lib/gcc/arm-none-eabi/13.3.1/../../../../arm-none-eabi/lib/thumb/v7e-m/nofp\libc_nano.a
LOAD C:/xpack-arm-none-eabi-gcc-13.3.1-1.1/bin/../lib/gcc/arm-none-eabi/13.3.1/../../../../arm-none-eabi/lib/thumb/v7e-m/nofp\libnosys.a
END GROUP
START GROUP
LOAD C:/xpack-arm-none-eabi-gcc-13.3.1-1.1/bin/../lib/gcc/arm-none-eabi/13.3.1/thumb/v7e-m/nofp\libgcc.a
LOAD C:/xpack-arm-none-eabi-gcc-13.3.1-1.1/bin/../lib/gcc/arm-none-eabi/13.3.1/../../../../arm-none-eabi/lib/thumb/v7e-m/nofp\libc_nano.a
LOAD C:/xpack-arm-none-eabi-gcc-13.3.1-1.1/bin/../lib/gcc/arm-none-eabi/13.3.1/../../../../arm-none-eabi/lib/thumb/v7e-m/nofp\libnosys.a
END GROUP
LOAD C:/xpack-arm-none-eabi-gcc-13.3.1-1.1/bin/../lib/gcc/arm-none-eabi/13.3.1/thumb/v7e-m/nofp/crtend.o
LOAD C:/xpack-arm-none-eabi-gcc-13.3.1-1.1/bin/../lib/gcc/arm-none-eabi/13.3.1/thumb/v7e-m/nofp/crtn.o
                0x20018000                        _estack = 0x20018000
                0x00000200                        _Min_Heap_Size = 0x200
                0x00000400                        _Min_Stack_Size = 0x400

.isr_vector     0x08000000      0x184
                0x08000000                        . = ALIGN (0x4)
 *(.isr_vector)
 .isr_vector    0x08000000      0x184 CMakeFiles/AT32F403ACGU7.elf.dir/Drivers/cmsis/cm4/device_support/startup/gcc/startup_at32f403a_407.s.obj
                0x08000000                g_pfnVectors
                0x08000184                        . = ALIGN (0x4)

.text           0x08000184      0xe24
                0x08000184                        . = ALIGN (0x4)
 *(.text)
 *(.text*)
 .text.__do_global_dtors_aux
                0x08000184       0x24 C:/xpack-arm-none-eabi-gcc-13.3.1-1.1/bin/../lib/gcc/arm-none-eabi/13.3.1/thumb/v7e-m/nofp/crtbegin.o
 .text.frame_dummy
                0x080001a8       0x1c C:/xpack-arm-none-eabi-gcc-13.3.1-1.1/bin/../lib/gcc/arm-none-eabi/13.3.1/thumb/v7e-m/nofp/crtbegin.o
 .text.__libc_init_array
                0x080001c4       0x48 C:/xpack-arm-none-eabi-gcc-13.3.1-1.1/bin/../lib/gcc/arm-none-eabi/13.3.1/../../../../arm-none-eabi/lib/thumb/v7e-m/nofp\libc_nano.a(libc_a-init.o)
                0x080001c4                __libc_init_array
 .text.Reset_Handler
                0x0800020c       0x48 CMakeFiles/AT32F403ACGU7.elf.dir/Drivers/cmsis/cm4/device_support/startup/gcc/startup_at32f403a_407.s.obj
                0x0800020c                Reset_Handler
 .text.Default_Handler
                0x08000254        0x2 CMakeFiles/AT32F403ACGU7.elf.dir/Drivers/cmsis/cm4/device_support/startup/gcc/startup_at32f403a_407.s.obj
                0x08000254                SDIO1_IRQHandler
                0x08000254                XMC_IRQHandler
                0x08000254                EXINT2_IRQHandler
                0x08000254                USBFS_L_CAN1_RX0_IRQHandler
                0x08000254                UART8_IRQHandler
                0x08000254                SPI4_IRQHandler
                0x08000254                I2C2_EVT_IRQHandler
                0x08000254                TMR1_OVF_TMR10_IRQHandler
                0x08000254                TMR8_TRG_HALL_TMR14_IRQHandler
                0x08000254                USBFS_H_CAN1_TX_IRQHandler
                0x08000254                I2C1_ERR_IRQHandler
                0x08000254                EXINT9_5_IRQHandler
                0x08000254                EMAC_IRQHandler
                0x08000254                CAN2_RX1_IRQHandler
                0x08000254                TMR5_GLOBAL_IRQHandler
                0x08000254                SDIO2_IRQHandler
                0x08000254                ADC1_2_IRQHandler
                0x08000254                SPI1_IRQHandler
                0x08000254                TAMPER_IRQHandler
                0x08000254                CAN2_RX0_IRQHandler
                0x08000254                DMA2_Channel2_IRQHandler
                0x08000254                DMA1_Channel4_IRQHandler
                0x08000254                TMR8_CH_IRQHandler
                0x08000254                USART6_IRQHandler
                0x08000254                EXINT0_IRQHandler
                0x08000254                USART3_IRQHandler
                0x08000254                RTC_IRQHandler
                0x08000254                DMA1_Channel7_IRQHandler
                0x08000254                CAN1_RX1_IRQHandler
                0x08000254                UART5_IRQHandler
                0x08000254                ADC3_IRQHandler
                0x08000254                ACC_IRQHandler
                0x08000254                EMAC_WKUP_IRQHandler
                0x08000254                DMA2_Channel1_IRQHandler
                0x08000254                EXINT3_IRQHandler
                0x08000254                DMA1_Channel6_IRQHandler
                0x08000254                UART4_IRQHandler
                0x08000254                DMA1_Channel1_IRQHandler
                0x08000254                Default_Handler
                0x08000254                USBFS_MAPH_IRQHandler
                0x08000254                TMR3_GLOBAL_IRQHandler
                0x08000254                TMR7_GLOBAL_IRQHandler
                0x08000254                CAN1_SE_IRQHandler
                0x08000254                CAN2_TX_IRQHandler
                0x08000254                I2C3_ERR_IRQHandler
                0x08000254                SPI3_I2S3EXT_IRQHandler
                0x08000254                TMR1_BRK_TMR9_IRQHandler
                0x08000254                USBFS_MAPL_IRQHandler
                0x08000254                TMR8_BRK_TMR12_IRQHandler
                0x08000254                TMR1_TRG_HALL_TMR11_IRQHandler
                0x08000254                DMA1_Channel5_IRQHandler
                0x08000254                TMR4_GLOBAL_IRQHandler
                0x08000254                EXINT4_IRQHandler
                0x08000254                CAN2_SE_IRQHandler
                0x08000254                DMA2_Channel6_7_IRQHandler
                0x08000254                PVM_IRQHandler
                0x08000254                I2C3_EVT_IRQHandler
                0x08000254                DMA1_Channel3_IRQHandler
                0x08000254                I2C1_EVT_IRQHandler
                0x08000254                TMR8_OVF_TMR13_IRQHandler
                0x08000254                TMR6_GLOBAL_IRQHandler
                0x08000254                EXINT1_IRQHandler
                0x08000254                RTCAlarm_IRQHandler
                0x08000254                DMA2_Channel4_5_IRQHandler
                0x08000254                UART7_IRQHandler
                0x08000254                USART2_IRQHandler
                0x08000254                DMA1_Channel2_IRQHandler
                0x08000254                TMR2_GLOBAL_IRQHandler
                0x08000254                FLASH_IRQHandler
                0x08000254                SPI2_I2S2EXT_IRQHandler
                0x08000254                I2C2_ERR_IRQHandler
                0x08000254                USBFSWakeUp_IRQHandler
                0x08000254                USART1_IRQHandler
                0x08000254                TMR1_CH_IRQHandler
                0x08000254                CRM_IRQHandler
                0x08000254                EXINT15_10_IRQHandler
                0x08000254                WWDT_IRQHandler
                0x08000254                DMA2_Channel3_IRQHandler
 *fill*         0x08000256        0x2 
 .text.SystemInit
                0x08000258       0x74 CMakeFiles/AT32F403ACGU7.elf.dir/Drivers/cmsis/cm4/device_support/system_at32f403a_407.c.obj
                0x08000258                SystemInit
 .text.system_core_clock_update
                0x080002cc      0x150 CMakeFiles/AT32F403ACGU7.elf.dir/Drivers/cmsis/cm4/device_support/system_at32f403a_407.c.obj
                0x080002cc                system_core_clock_update
 .text.crm_reset
                0x0800041c       0x68 CMakeFiles/AT32F403ACGU7.elf.dir/Drivers/drivers/src/at32f403a_407_crm.c.obj
                0x0800041c                crm_reset
 .text.crm_flag_get
                0x08000484       0x4e CMakeFiles/AT32F403ACGU7.elf.dir/Drivers/drivers/src/at32f403a_407_crm.c.obj
                0x08000484                crm_flag_get
 .text.crm_hext_stable_wait
                0x080004d2       0x4a CMakeFiles/AT32F403ACGU7.elf.dir/Drivers/drivers/src/at32f403a_407_crm.c.obj
                0x080004d2                crm_hext_stable_wait
 .text.crm_periph_clock_enable
                0x0800051c       0x7a CMakeFiles/AT32F403ACGU7.elf.dir/Drivers/drivers/src/at32f403a_407_crm.c.obj
                0x0800051c                crm_periph_clock_enable
 *fill*         0x08000596        0x2 
 .text.crm_clock_source_enable
                0x08000598       0xa4 CMakeFiles/AT32F403ACGU7.elf.dir/Drivers/drivers/src/at32f403a_407_crm.c.obj
                0x08000598                crm_clock_source_enable
 .text.crm_ahb_div_set
                0x0800063c       0x2c CMakeFiles/AT32F403ACGU7.elf.dir/Drivers/drivers/src/at32f403a_407_crm.c.obj
                0x0800063c                crm_ahb_div_set
 .text.crm_apb1_div_set
                0x08000668       0x2c CMakeFiles/AT32F403ACGU7.elf.dir/Drivers/drivers/src/at32f403a_407_crm.c.obj
                0x08000668                crm_apb1_div_set
 .text.crm_apb2_div_set
                0x08000694       0x2c CMakeFiles/AT32F403ACGU7.elf.dir/Drivers/drivers/src/at32f403a_407_crm.c.obj
                0x08000694                crm_apb2_div_set
 .text.crm_pll_config
                0x080006c0       0x9c CMakeFiles/AT32F403ACGU7.elf.dir/Drivers/drivers/src/at32f403a_407_crm.c.obj
                0x080006c0                crm_pll_config
 .text.crm_sysclk_switch
                0x0800075c       0x54 CMakeFiles/AT32F403ACGU7.elf.dir/Drivers/drivers/src/at32f403a_407_crm.c.obj
                0x0800075c                crm_sysclk_switch
 .text.crm_sysclk_switch_status_get
                0x080007b0       0x1c CMakeFiles/AT32F403ACGU7.elf.dir/Drivers/drivers/src/at32f403a_407_crm.c.obj
                0x080007b0                crm_sysclk_switch_status_get
 .text.crm_clocks_freq_get
                0x080007cc      0x1d4 CMakeFiles/AT32F403ACGU7.elf.dir/Drivers/drivers/src/at32f403a_407_crm.c.obj
                0x080007cc                crm_clocks_freq_get
 .text.crm_auto_step_mode_enable
                0x080009a0       0x34 CMakeFiles/AT32F403ACGU7.elf.dir/Drivers/drivers/src/at32f403a_407_crm.c.obj
                0x080009a0                crm_auto_step_mode_enable
 .text.gpio_init
                0x080009d4      0x134 CMakeFiles/AT32F403ACGU7.elf.dir/Drivers/drivers/src/at32f403a_407_gpio.c.obj
                0x080009d4                gpio_init
 .text.gpio_default_para_init
                0x08000b08       0x32 CMakeFiles/AT32F403ACGU7.elf.dir/Drivers/drivers/src/at32f403a_407_gpio.c.obj
                0x08000b08                gpio_default_para_init
 .text.gpio_bits_reset
                0x08000b3a       0x1c CMakeFiles/AT32F403ACGU7.elf.dir/Drivers/drivers/src/at32f403a_407_gpio.c.obj
                0x08000b3a                gpio_bits_reset
 *fill*         0x08000b56        0x2 
 .text.__NVIC_SetPriorityGrouping
                0x08000b58       0x48 CMakeFiles/AT32F403ACGU7.elf.dir/Drivers/drivers/src/at32f403a_407_misc.c.obj
 .text.nvic_priority_group_config
                0x08000ba0       0x1a CMakeFiles/AT32F403ACGU7.elf.dir/Drivers/drivers/src/at32f403a_407_misc.c.obj
                0x08000ba0                nvic_priority_group_config
 *fill*         0x08000bba        0x2 
 .text.systick_clock_source_config
                0x08000bbc       0x38 CMakeFiles/AT32F403ACGU7.elf.dir/Drivers/drivers/src/at32f403a_407_misc.c.obj
                0x08000bbc                systick_clock_source_config
 .text.NMI_Handler
                0x08000bf4        0xc CMakeFiles/AT32F403ACGU7.elf.dir/src/at32f403a_407_int.c.obj
                0x08000bf4                NMI_Handler
 .text.HardFault_Handler
                0x08000c00        0x6 CMakeFiles/AT32F403ACGU7.elf.dir/src/at32f403a_407_int.c.obj
                0x08000c00                HardFault_Handler
 .text.MemManage_Handler
                0x08000c06        0x6 CMakeFiles/AT32F403ACGU7.elf.dir/src/at32f403a_407_int.c.obj
                0x08000c06                MemManage_Handler
 .text.BusFault_Handler
                0x08000c0c        0x6 CMakeFiles/AT32F403ACGU7.elf.dir/src/at32f403a_407_int.c.obj
                0x08000c0c                BusFault_Handler
 .text.UsageFault_Handler
                0x08000c12        0x6 CMakeFiles/AT32F403ACGU7.elf.dir/src/at32f403a_407_int.c.obj
                0x08000c12                UsageFault_Handler
 .text.SVC_Handler
                0x08000c18        0xc CMakeFiles/AT32F403ACGU7.elf.dir/src/at32f403a_407_int.c.obj
                0x08000c18                SVC_Handler
 .text.DebugMon_Handler
                0x08000c24        0xc CMakeFiles/AT32F403ACGU7.elf.dir/src/at32f403a_407_int.c.obj
                0x08000c24                DebugMon_Handler
 .text.PendSV_Handler
                0x08000c30        0xc CMakeFiles/AT32F403ACGU7.elf.dir/src/at32f403a_407_int.c.obj
                0x08000c30                PendSV_Handler
 .text.SysTick_Handler
                0x08000c3c        0xc CMakeFiles/AT32F403ACGU7.elf.dir/src/at32f403a_407_int.c.obj
                0x08000c3c                SysTick_Handler
 .text.__NVIC_GetPriorityGrouping
                0x08000c48       0x1c CMakeFiles/AT32F403ACGU7.elf.dir/src/at32f403a_407_wk_config.c.obj
 .text.__NVIC_SetPriority
                0x08000c64       0x54 CMakeFiles/AT32F403ACGU7.elf.dir/src/at32f403a_407_wk_config.c.obj
 .text.NVIC_EncodePriority
                0x08000cb8       0x64 CMakeFiles/AT32F403ACGU7.elf.dir/src/at32f403a_407_wk_config.c.obj
 .text.wk_system_clock_config
                0x08000d1c       0xa4 CMakeFiles/AT32F403ACGU7.elf.dir/src/at32f403a_407_wk_config.c.obj
                0x08000d1c                wk_system_clock_config
 .text.wk_periph_clock_config
                0x08000dc0       0x44 CMakeFiles/AT32F403ACGU7.elf.dir/src/at32f403a_407_wk_config.c.obj
                0x08000dc0                wk_periph_clock_config
 .text.wk_nvic_config
                0x08000e04       0xd2 CMakeFiles/AT32F403ACGU7.elf.dir/src/at32f403a_407_wk_config.c.obj
                0x08000e04                wk_nvic_config
 .text.main     0x08000ed6       0x1a CMakeFiles/AT32F403ACGU7.elf.dir/src/main.c.obj
                0x08000ed6                main
 .text.wk_gpio_config
                0x08000ef0       0x44 CMakeFiles/AT32F403ACGU7.elf.dir/src/wk_gpio.c.obj
                0x08000ef0                wk_gpio_config
 .text.wk_timebase_init
                0x08000f34       0x5c CMakeFiles/AT32F403ACGU7.elf.dir/src/wk_system.c.obj
                0x08000f34                wk_timebase_init
 *(.glue_7)
 .glue_7        0x08000f90        0x0 linker stubs
 *(.glue_7t)
 .glue_7t       0x08000f90        0x0 linker stubs
 *(.eh_frame)
 .eh_frame      0x08000f90        0x0 C:/xpack-arm-none-eabi-gcc-13.3.1-1.1/bin/../lib/gcc/arm-none-eabi/13.3.1/thumb/v7e-m/nofp/crtbegin.o
 *(.init)
 .init          0x08000f90        0x4 C:/xpack-arm-none-eabi-gcc-13.3.1-1.1/bin/../lib/gcc/arm-none-eabi/13.3.1/thumb/v7e-m/nofp/crti.o
                0x08000f90                _init
 .init          0x08000f94        0x8 C:/xpack-arm-none-eabi-gcc-13.3.1-1.1/bin/../lib/gcc/arm-none-eabi/13.3.1/thumb/v7e-m/nofp/crtn.o
 *(.fini)
 .fini          0x08000f9c        0x4 C:/xpack-arm-none-eabi-gcc-13.3.1-1.1/bin/../lib/gcc/arm-none-eabi/13.3.1/thumb/v7e-m/nofp/crti.o
                0x08000f9c                _fini
 .fini          0x08000fa0        0x8 C:/xpack-arm-none-eabi-gcc-13.3.1-1.1/bin/../lib/gcc/arm-none-eabi/13.3.1/thumb/v7e-m/nofp/crtn.o
                0x08000fa8                        . = ALIGN (0x4)
                0x08000fa8                        _etext = .

.vfp11_veneer   0x08000fa8        0x0
 .vfp11_veneer  0x08000fa8        0x0 linker stubs

.v4_bx          0x08000fa8        0x0
 .v4_bx         0x08000fa8        0x0 linker stubs

.iplt           0x08000fa8        0x0
 .iplt          0x08000fa8        0x0 C:/xpack-arm-none-eabi-gcc-13.3.1-1.1/bin/../lib/gcc/arm-none-eabi/13.3.1/thumb/v7e-m/nofp/crtbegin.o

.rodata         0x08000fa8       0x38
                0x08000fa8                        . = ALIGN (0x4)
 *(.rodata)
 *(.rodata*)
 .rodata.sys_ahb_div_table.0
                0x08000fa8       0x10 CMakeFiles/AT32F403ACGU7.elf.dir/Drivers/cmsis/cm4/device_support/system_at32f403a_407.c.obj
 .rodata.sclk_ahb_div_table.3
                0x08000fb8       0x10 CMakeFiles/AT32F403ACGU7.elf.dir/Drivers/drivers/src/at32f403a_407_crm.c.obj
 .rodata.ahb_apb1_div_table.2
                0x08000fc8        0x8 CMakeFiles/AT32F403ACGU7.elf.dir/Drivers/drivers/src/at32f403a_407_crm.c.obj
 .rodata.ahb_apb2_div_table.1
                0x08000fd0        0x8 CMakeFiles/AT32F403ACGU7.elf.dir/Drivers/drivers/src/at32f403a_407_crm.c.obj
 .rodata.adc_div_table.0
                0x08000fd8        0x8 CMakeFiles/AT32F403ACGU7.elf.dir/Drivers/drivers/src/at32f403a_407_crm.c.obj
                0x08000fe0                        . = ALIGN (0x4)

.rel.dyn        0x08000fe0        0x0
 .rel.iplt      0x08000fe0        0x0 C:/xpack-arm-none-eabi-gcc-13.3.1-1.1/bin/../lib/gcc/arm-none-eabi/13.3.1/thumb/v7e-m/nofp/crtbegin.o

.ARM.extab
 *(.ARM.extab* .gnu.linkonce.armextab.*)

.ARM            0x08000fe0        0x0
                0x08000fe0                        __exidx_start = .
 *(.ARM.exidx*)
                0x08000fe0                        __exidx_end = .

.preinit_array  0x08000fe0        0x0
                0x08000fe0                        PROVIDE (__preinit_array_start = .)
 *(.preinit_array*)
                0x08000fe0                        PROVIDE (__preinit_array_end = .)

.init_array     0x08000fe0        0x4
                0x08000fe0                        PROVIDE (__init_array_start = .)
 *(SORT_BY_NAME(.init_array.*))
 *(.init_array*)
 .init_array    0x08000fe0        0x4 C:/xpack-arm-none-eabi-gcc-13.3.1-1.1/bin/../lib/gcc/arm-none-eabi/13.3.1/thumb/v7e-m/nofp/crtbegin.o
                0x08000fe4                        PROVIDE (__init_array_end = .)

.fini_array     0x08000fe4        0x4
                0x08000fe4                        PROVIDE (__fini_array_start = .)
 *(SORT_BY_NAME(.fini_array.*))
 *(.fini_array*)
 .fini_array    0x08000fe4        0x4 C:/xpack-arm-none-eabi-gcc-13.3.1-1.1/bin/../lib/gcc/arm-none-eabi/13.3.1/thumb/v7e-m/nofp/crtbegin.o
                0x08000fe8                        PROVIDE (__fini_array_end = .)
                0x08000fe8                        _sidata = LOADADDR (.data)

.data           0x20000000        0x4 load address 0x08000fe8
                0x20000000                        . = ALIGN (0x4)
                0x20000000                        _sdata = .
 *(.data)
 *(.data*)
 .data.system_core_clock
                0x20000000        0x4 CMakeFiles/AT32F403ACGU7.elf.dir/Drivers/cmsis/cm4/device_support/system_at32f403a_407.c.obj
                0x20000000                system_core_clock
                0x20000004                        . = ALIGN (0x4)
                0x20000004                        _edata = .
                0x08400000                        _spim_init_base = LOADADDR (.spim)
                0x00000000                        _spim_init_length = SIZEOF (.spim)

.igot.plt       0x20000004        0x0 load address 0x08000fec
 .igot.plt      0x20000004        0x0 C:/xpack-arm-none-eabi-gcc-13.3.1-1.1/bin/../lib/gcc/arm-none-eabi/13.3.1/thumb/v7e-m/nofp/crtbegin.o

.spim           0x08400000        0x0
                0x08400000                        . = ALIGN (0x4)
                0x08400000                        _spim_start = .
 *(.spim)
 *(.spim*)
                0x08400000                        . = ALIGN (0x4)
                0x08400000                        _spim_end = .
                0x08400000                        . = ALIGN (0x4)

.bss            0x20000004       0x20
                0x20000004                        _sbss = .
                0x20000004                        __bss_start__ = _sbss
 *(.bss)
 *(.bss*)
 .bss.completed.1
                0x20000004        0x1 C:/xpack-arm-none-eabi-gcc-13.3.1-1.1/bin/../lib/gcc/arm-none-eabi/13.3.1/thumb/v7e-m/nofp/crtbegin.o
 *fill*         0x20000005        0x3 
 .bss.object.0  0x20000008       0x18 C:/xpack-arm-none-eabi-gcc-13.3.1-1.1/bin/../lib/gcc/arm-none-eabi/13.3.1/thumb/v7e-m/nofp/crtbegin.o
 .bss.ticks_count_us
                0x20000020        0x4 CMakeFiles/AT32F403ACGU7.elf.dir/src/wk_system.c.obj
                0x20000020                ticks_count_us
 *(COMMON)
                0x20000024                        . = ALIGN (0x4)
                0x20000024                        _ebss = .
                0x20000024                        __bss_end__ = _ebss

._user_heap_stack
                0x20000024      0x604
                0x20000028                        . = ALIGN (0x8)
 *fill*         0x20000024        0x4 
                0x20000028                        PROVIDE (end = .)
                [!provide]                        PROVIDE (_end = .)
                0x20000228                        . = (. + _Min_Heap_Size)
 *fill*         0x20000028      0x200 
                0x20000628                        . = (. + _Min_Stack_Size)
 *fill*         0x20000228      0x400 
                0x20000628                        . = ALIGN (0x8)

/DISCARD/
 libc.a(*)
 libm.a(*)
 libgcc.a(*)

.ARM.attributes
                0x00000000       0x2a
 *(.ARM.attributes)
 .ARM.attributes
                0x00000000       0x1e C:/xpack-arm-none-eabi-gcc-13.3.1-1.1/bin/../lib/gcc/arm-none-eabi/13.3.1/thumb/v7e-m/nofp/crti.o
 .ARM.attributes
                0x0000001e       0x2e C:/xpack-arm-none-eabi-gcc-13.3.1-1.1/bin/../lib/gcc/arm-none-eabi/13.3.1/thumb/v7e-m/nofp/crtbegin.o
 .ARM.attributes
                0x0000004c       0x2e C:/xpack-arm-none-eabi-gcc-13.3.1-1.1/bin/../lib/gcc/arm-none-eabi/13.3.1/../../../../arm-none-eabi/lib/thumb/v7e-m/nofp\libc_nano.a(libc_a-init.o)
 .ARM.attributes
                0x0000007a       0x21 CMakeFiles/AT32F403ACGU7.elf.dir/Drivers/cmsis/cm4/device_support/startup/gcc/startup_at32f403a_407.s.obj
 .ARM.attributes
                0x0000009b       0x2e CMakeFiles/AT32F403ACGU7.elf.dir/Drivers/cmsis/cm4/device_support/system_at32f403a_407.c.obj
 .ARM.attributes
                0x000000c9       0x2e CMakeFiles/AT32F403ACGU7.elf.dir/Drivers/drivers/src/at32f403a_407_crm.c.obj
 .ARM.attributes
                0x000000f7       0x2e CMakeFiles/AT32F403ACGU7.elf.dir/Drivers/drivers/src/at32f403a_407_gpio.c.obj
 .ARM.attributes
                0x00000125       0x2e CMakeFiles/AT32F403ACGU7.elf.dir/Drivers/drivers/src/at32f403a_407_misc.c.obj
 .ARM.attributes
                0x00000153       0x2e CMakeFiles/AT32F403ACGU7.elf.dir/src/at32f403a_407_int.c.obj
 .ARM.attributes
                0x00000181       0x2e CMakeFiles/AT32F403ACGU7.elf.dir/src/at32f403a_407_wk_config.c.obj
 .ARM.attributes
                0x000001af       0x2e CMakeFiles/AT32F403ACGU7.elf.dir/src/main.c.obj
 .ARM.attributes
                0x000001dd       0x2e CMakeFiles/AT32F403ACGU7.elf.dir/src/wk_gpio.c.obj
 .ARM.attributes
                0x0000020b       0x2e CMakeFiles/AT32F403ACGU7.elf.dir/src/wk_system.c.obj
 .ARM.attributes
                0x00000239       0x1e C:/xpack-arm-none-eabi-gcc-13.3.1-1.1/bin/../lib/gcc/arm-none-eabi/13.3.1/thumb/v7e-m/nofp/crtn.o
OUTPUT(AT32F403ACGU7.elf elf32-littlearm)
LOAD linker stubs
LOAD C:/xpack-arm-none-eabi-gcc-13.3.1-1.1/bin/../lib/gcc/arm-none-eabi/13.3.1/../../../../arm-none-eabi/lib/thumb/v7e-m/nofp\libc.a
LOAD C:/xpack-arm-none-eabi-gcc-13.3.1-1.1/bin/../lib/gcc/arm-none-eabi/13.3.1/../../../../arm-none-eabi/lib/thumb/v7e-m/nofp\libm.a
LOAD C:/xpack-arm-none-eabi-gcc-13.3.1-1.1/bin/../lib/gcc/arm-none-eabi/13.3.1/thumb/v7e-m/nofp\libgcc.a

.comment        0x00000000       0x39
 .comment       0x00000000       0x39 C:/xpack-arm-none-eabi-gcc-13.3.1-1.1/bin/../lib/gcc/arm-none-eabi/13.3.1/thumb/v7e-m/nofp/crtbegin.o
                                 0x3a (size before relaxing)
 .comment       0x00000039       0x3a C:/xpack-arm-none-eabi-gcc-13.3.1-1.1/bin/../lib/gcc/arm-none-eabi/13.3.1/../../../../arm-none-eabi/lib/thumb/v7e-m/nofp\libc_nano.a(libc_a-init.o)
 .comment       0x00000039       0x3a CMakeFiles/AT32F403ACGU7.elf.dir/Drivers/cmsis/cm4/device_support/system_at32f403a_407.c.obj
 .comment       0x00000039       0x3a CMakeFiles/AT32F403ACGU7.elf.dir/Drivers/drivers/src/at32f403a_407_crm.c.obj
 .comment       0x00000039       0x3a CMakeFiles/AT32F403ACGU7.elf.dir/Drivers/drivers/src/at32f403a_407_gpio.c.obj
 .comment       0x00000039       0x3a CMakeFiles/AT32F403ACGU7.elf.dir/Drivers/drivers/src/at32f403a_407_misc.c.obj
 .comment       0x00000039       0x3a CMakeFiles/AT32F403ACGU7.elf.dir/src/at32f403a_407_int.c.obj
 .comment       0x00000039       0x3a CMakeFiles/AT32F403ACGU7.elf.dir/src/at32f403a_407_wk_config.c.obj
 .comment       0x00000039       0x3a CMakeFiles/AT32F403ACGU7.elf.dir/src/main.c.obj
 .comment       0x00000039       0x3a CMakeFiles/AT32F403ACGU7.elf.dir/src/wk_gpio.c.obj
 .comment       0x00000039       0x3a CMakeFiles/AT32F403ACGU7.elf.dir/src/wk_system.c.obj

.debug_line     0x00000000     0x21db
 .debug_line    0x00000000       0x75 CMakeFiles/AT32F403ACGU7.elf.dir/Drivers/cmsis/cm4/device_support/startup/gcc/startup_at32f403a_407.s.obj
 .debug_line    0x00000075      0x361 CMakeFiles/AT32F403ACGU7.elf.dir/Drivers/cmsis/cm4/device_support/system_at32f403a_407.c.obj
 .debug_line    0x000003d6      0x97f CMakeFiles/AT32F403ACGU7.elf.dir/Drivers/drivers/src/at32f403a_407_crm.c.obj
 .debug_line    0x00000d55      0x5f1 CMakeFiles/AT32F403ACGU7.elf.dir/Drivers/drivers/src/at32f403a_407_gpio.c.obj
 .debug_line    0x00001346      0x4ab CMakeFiles/AT32F403ACGU7.elf.dir/Drivers/drivers/src/at32f403a_407_misc.c.obj
 .debug_line    0x000017f1      0x117 CMakeFiles/AT32F403ACGU7.elf.dir/src/at32f403a_407_int.c.obj
 .debug_line    0x00001908      0x3fb CMakeFiles/AT32F403ACGU7.elf.dir/src/at32f403a_407_wk_config.c.obj
 .debug_line    0x00001d03       0xd8 CMakeFiles/AT32F403ACGU7.elf.dir/src/main.c.obj
 .debug_line    0x00001ddb      0x179 CMakeFiles/AT32F403ACGU7.elf.dir/src/wk_gpio.c.obj
 .debug_line    0x00001f54      0x287 CMakeFiles/AT32F403ACGU7.elf.dir/src/wk_system.c.obj

.debug_line_str
                0x00000000       0xab
 .debug_line_str
                0x00000000       0xab CMakeFiles/AT32F403ACGU7.elf.dir/Drivers/cmsis/cm4/device_support/startup/gcc/startup_at32f403a_407.s.obj

.debug_info     0x00000000     0x71c7
 .debug_info    0x00000000       0x30 CMakeFiles/AT32F403ACGU7.elf.dir/Drivers/cmsis/cm4/device_support/startup/gcc/startup_at32f403a_407.s.obj
 .debug_info    0x00000030     0x11e6 CMakeFiles/AT32F403ACGU7.elf.dir/Drivers/cmsis/cm4/device_support/system_at32f403a_407.c.obj
 .debug_info    0x00001216     0x1f2d CMakeFiles/AT32F403ACGU7.elf.dir/Drivers/drivers/src/at32f403a_407_crm.c.obj
 .debug_info    0x00003143     0x1a4d CMakeFiles/AT32F403ACGU7.elf.dir/Drivers/drivers/src/at32f403a_407_gpio.c.obj
 .debug_info    0x00004b90      0x94b CMakeFiles/AT32F403ACGU7.elf.dir/Drivers/drivers/src/at32f403a_407_misc.c.obj
 .debug_info    0x000054db       0xfd CMakeFiles/AT32F403ACGU7.elf.dir/src/at32f403a_407_int.c.obj
 .debug_info    0x000055d8      0xd1a CMakeFiles/AT32F403ACGU7.elf.dir/src/at32f403a_407_wk_config.c.obj
 .debug_info    0x000062f2       0xb9 CMakeFiles/AT32F403ACGU7.elf.dir/src/main.c.obj
 .debug_info    0x000063ab      0xb5d CMakeFiles/AT32F403ACGU7.elf.dir/src/wk_gpio.c.obj
 .debug_info    0x00006f08      0x2bf CMakeFiles/AT32F403ACGU7.elf.dir/src/wk_system.c.obj

.debug_abbrev   0x00000000      0xe17
 .debug_abbrev  0x00000000       0x24 CMakeFiles/AT32F403ACGU7.elf.dir/Drivers/cmsis/cm4/device_support/startup/gcc/startup_at32f403a_407.s.obj
 .debug_abbrev  0x00000024      0x1a6 CMakeFiles/AT32F403ACGU7.elf.dir/Drivers/cmsis/cm4/device_support/system_at32f403a_407.c.obj
 .debug_abbrev  0x000001ca      0x237 CMakeFiles/AT32F403ACGU7.elf.dir/Drivers/drivers/src/at32f403a_407_crm.c.obj
 .debug_abbrev  0x00000401      0x23d CMakeFiles/AT32F403ACGU7.elf.dir/Drivers/drivers/src/at32f403a_407_gpio.c.obj
 .debug_abbrev  0x0000063e      0x258 CMakeFiles/AT32F403ACGU7.elf.dir/Drivers/drivers/src/at32f403a_407_misc.c.obj
 .debug_abbrev  0x00000896       0x45 CMakeFiles/AT32F403ACGU7.elf.dir/src/at32f403a_407_int.c.obj
 .debug_abbrev  0x000008db      0x24f CMakeFiles/AT32F403ACGU7.elf.dir/src/at32f403a_407_wk_config.c.obj
 .debug_abbrev  0x00000b2a       0x58 CMakeFiles/AT32F403ACGU7.elf.dir/src/main.c.obj
 .debug_abbrev  0x00000b82      0x148 CMakeFiles/AT32F403ACGU7.elf.dir/src/wk_gpio.c.obj
 .debug_abbrev  0x00000cca      0x14d CMakeFiles/AT32F403ACGU7.elf.dir/src/wk_system.c.obj

.debug_aranges  0x00000000      0x3d0
 .debug_aranges
                0x00000000       0x28 CMakeFiles/AT32F403ACGU7.elf.dir/Drivers/cmsis/cm4/device_support/startup/gcc/startup_at32f403a_407.s.obj
 .debug_aranges
                0x00000028       0x28 CMakeFiles/AT32F403ACGU7.elf.dir/Drivers/cmsis/cm4/device_support/system_at32f403a_407.c.obj
 .debug_aranges
                0x00000050      0x138 CMakeFiles/AT32F403ACGU7.elf.dir/Drivers/drivers/src/at32f403a_407_crm.c.obj
 .debug_aranges
                0x00000188       0xa8 CMakeFiles/AT32F403ACGU7.elf.dir/Drivers/drivers/src/at32f403a_407_gpio.c.obj
 .debug_aranges
                0x00000230       0x88 CMakeFiles/AT32F403ACGU7.elf.dir/Drivers/drivers/src/at32f403a_407_misc.c.obj
 .debug_aranges
                0x000002b8       0x60 CMakeFiles/AT32F403ACGU7.elf.dir/src/at32f403a_407_int.c.obj
 .debug_aranges
                0x00000318       0x48 CMakeFiles/AT32F403ACGU7.elf.dir/src/at32f403a_407_wk_config.c.obj
 .debug_aranges
                0x00000360       0x20 CMakeFiles/AT32F403ACGU7.elf.dir/src/main.c.obj
 .debug_aranges
                0x00000380       0x20 CMakeFiles/AT32F403ACGU7.elf.dir/src/wk_gpio.c.obj
 .debug_aranges
                0x000003a0       0x30 CMakeFiles/AT32F403ACGU7.elf.dir/src/wk_system.c.obj

.debug_str      0x00000000     0x3d87
 .debug_str     0x00000000     0x3d87 CMakeFiles/AT32F403ACGU7.elf.dir/Drivers/cmsis/cm4/device_support/startup/gcc/startup_at32f403a_407.s.obj
                                 0xc7 (size before relaxing)
 .debug_str     0x00003d87      0xb8a CMakeFiles/AT32F403ACGU7.elf.dir/Drivers/cmsis/cm4/device_support/system_at32f403a_407.c.obj
 .debug_str     0x00003d87     0x21b5 CMakeFiles/AT32F403ACGU7.elf.dir/Drivers/drivers/src/at32f403a_407_crm.c.obj
 .debug_str     0x00003d87     0x142c CMakeFiles/AT32F403ACGU7.elf.dir/Drivers/drivers/src/at32f403a_407_gpio.c.obj
 .debug_str     0x00003d87      0xb40 CMakeFiles/AT32F403ACGU7.elf.dir/Drivers/drivers/src/at32f403a_407_misc.c.obj
 .debug_str     0x00003d87      0x24d CMakeFiles/AT32F403ACGU7.elf.dir/src/at32f403a_407_int.c.obj
 .debug_str     0x00003d87     0x15ef CMakeFiles/AT32F403ACGU7.elf.dir/src/at32f403a_407_wk_config.c.obj
 .debug_str     0x00003d87      0x223 CMakeFiles/AT32F403ACGU7.elf.dir/src/main.c.obj
 .debug_str     0x00003d87      0x71d CMakeFiles/AT32F403ACGU7.elf.dir/src/wk_gpio.c.obj
 .debug_str     0x00003d87      0x4b6 CMakeFiles/AT32F403ACGU7.elf.dir/src/wk_system.c.obj

.debug_rnglists
                0x00000000      0x2b6
 .debug_rnglists
                0x00000000       0x19 CMakeFiles/AT32F403ACGU7.elf.dir/Drivers/cmsis/cm4/device_support/startup/gcc/startup_at32f403a_407.s.obj
 .debug_rnglists
                0x00000019       0x1a CMakeFiles/AT32F403ACGU7.elf.dir/Drivers/cmsis/cm4/device_support/system_at32f403a_407.c.obj
 .debug_rnglists
                0x00000033       0xea CMakeFiles/AT32F403ACGU7.elf.dir/Drivers/drivers/src/at32f403a_407_crm.c.obj
 .debug_rnglists
                0x0000011d       0x7d CMakeFiles/AT32F403ACGU7.elf.dir/Drivers/drivers/src/at32f403a_407_gpio.c.obj
 .debug_rnglists
                0x0000019a       0x61 CMakeFiles/AT32F403ACGU7.elf.dir/Drivers/drivers/src/at32f403a_407_misc.c.obj
 .debug_rnglists
                0x000001fb       0x43 CMakeFiles/AT32F403ACGU7.elf.dir/src/at32f403a_407_int.c.obj
 .debug_rnglists
                0x0000023e       0x33 CMakeFiles/AT32F403ACGU7.elf.dir/src/at32f403a_407_wk_config.c.obj
 .debug_rnglists
                0x00000271       0x13 CMakeFiles/AT32F403ACGU7.elf.dir/src/main.c.obj
 .debug_rnglists
                0x00000284       0x13 CMakeFiles/AT32F403ACGU7.elf.dir/src/wk_gpio.c.obj
 .debug_rnglists
                0x00000297       0x1f CMakeFiles/AT32F403ACGU7.elf.dir/src/wk_system.c.obj

.debug_frame    0x00000000      0xd88
 .debug_frame   0x00000000       0x54 CMakeFiles/AT32F403ACGU7.elf.dir/Drivers/cmsis/cm4/device_support/system_at32f403a_407.c.obj
 .debug_frame   0x00000054      0x590 CMakeFiles/AT32F403ACGU7.elf.dir/Drivers/drivers/src/at32f403a_407_crm.c.obj
 .debug_frame   0x000005e4      0x2d0 CMakeFiles/AT32F403ACGU7.elf.dir/Drivers/drivers/src/at32f403a_407_gpio.c.obj
 .debug_frame   0x000008b4      0x210 CMakeFiles/AT32F403ACGU7.elf.dir/Drivers/drivers/src/at32f403a_407_misc.c.obj
 .debug_frame   0x00000ac4      0x110 CMakeFiles/AT32F403ACGU7.elf.dir/src/at32f403a_407_int.c.obj
 .debug_frame   0x00000bd4       0xd4 CMakeFiles/AT32F403ACGU7.elf.dir/src/at32f403a_407_wk_config.c.obj
 .debug_frame   0x00000ca8       0x2c CMakeFiles/AT32F403ACGU7.elf.dir/src/main.c.obj
 .debug_frame   0x00000cd4       0x34 CMakeFiles/AT32F403ACGU7.elf.dir/src/wk_gpio.c.obj
 .debug_frame   0x00000d08       0x80 CMakeFiles/AT32F403ACGU7.elf.dir/src/wk_system.c.obj
